{"level":"INFO","message":"[9:12:43.513 PM]: Creating new connection object"}
{"level":"INFO","message":"[9:12:43.522 PM]: Creating Connection[id: 84a89c16-df8b-4cae-9097-1e1eacc09cd5] with host: FZ49407.snowflakecomputing.com, account: FZ49407, accessUrl: https://FZ49407.snowflakecomputing.com, user: MADHU, role: ACCOUNTADMIN, database: FOR_THEM, schema: APP, warehouse: COMPUTE_WH, proxy was not configured, password is provided, region: undefined, authenticator: SNOWFLAKE, ocsp mode: FAIL_OPEN, os: win32, os version: 10.0.26200"}
{"level":"INFO","message":"[9:12:43.523 PM]: Connection[id: 84a89c16-df8b-4cae-9097-1e1eacc09cd5] additional details: passcode in password is provided, passcode is not provided, private key is not provided, application: undefined, client name: snowflake-sdk, client version: 3.2.0, retry timeout: 300, private key path: undefined, private key pass is not provided, client store temporary credential: false, browser response timeout: 120000"}
{"level":"INFO","message":"[9:12:43.523 PM]: Connection[id: 84a89c16-df8b-4cae-9097-1e1eacc09cd5] - connection object created successfully."}
{"level":"INFO","message":"[9:12:43.524 PM]: Connection[id: 84a89c16-df8b-4cae-9097-1e1eacc09cd5] - async connecting. Associated Snowflake domain: GLOBAL"}
{"level":"INFO","message":"[9:12:43.525 PM]: Trying to initialize Easy Logging"}
{"level":"INFO","message":"[9:12:43.544 PM]: No client config detected."}
{"level":"INFO","message":"[9:12:43.545 PM]: No config file path found. Client config will not be used."}
{"level":"INFO","message":"[9:12:43.546 PM]: Easy Logging is disabled as no config has been found"}
{"level":"INFO","message":"[9:12:43.546 PM]: Connection[id: 84a89c16-df8b-4cae-9097-1e1eacc09cd5] - authentication successful using: SNOWFLAKE"}
{"level":"ERROR","message":"[9:12:46.652 PM]: Connection[id: 84a89c16-df8b-4cae-9097-1e1eacc09cd5] - connection failed after 3128.23 milliseconds. Error: Request to Snowflake failed."}
{"level":"INFO","message":"[9:14:10.156 PM]: Creating new connection object"}
{"level":"INFO","message":"[9:14:10.168 PM]: Creating Connection[id: 189442c6-b68b-4e9b-a774-86db75c2f9fe] with host: RBSIJNI-FZ49407.snowflakecomputing.com, account: RBSIJNI-FZ49407, accessUrl: https://RBSIJNI-FZ49407.snowflakecomputing.com, user: MADHU, role: ACCOUNTADMIN, database: FOR_THEM, schema: APP, warehouse: COMPUTE_WH, proxy was not configured, password is provided, region: undefined, authenticator: SNOWFLAKE, ocsp mode: FAIL_OPEN, os: win32, os version: 10.0.26200"}
{"level":"INFO","message":"[9:14:10.169 PM]: Connection[id: 189442c6-b68b-4e9b-a774-86db75c2f9fe] additional details: passcode in password is provided, passcode is not provided, private key is not provided, application: undefined, client name: snowflake-sdk, client version: 3.2.0, retry timeout: 300, private key path: undefined, private key pass is not provided, client store temporary credential: false, browser response timeout: 120000"}
{"level":"INFO","message":"[9:14:10.171 PM]: Connection[id: 189442c6-b68b-4e9b-a774-86db75c2f9fe] - connection object created successfully."}
{"level":"INFO","message":"[9:14:10.172 PM]: Connection[id: 189442c6-b68b-4e9b-a774-86db75c2f9fe] - async connecting. Associated Snowflake domain: GLOBAL"}
{"level":"INFO","message":"[9:14:10.173 PM]: Trying to initialize Easy Logging"}
{"level":"INFO","message":"[9:14:10.192 PM]: No client config detected."}
{"level":"INFO","message":"[9:14:10.192 PM]: No config file path found. Client config will not be used."}
{"level":"INFO","message":"[9:14:10.192 PM]: Easy Logging is disabled as no config has been found"}
{"level":"INFO","message":"[9:14:10.193 PM]: Connection[id: 189442c6-b68b-4e9b-a774-86db75c2f9fe] - authentication successful using: SNOWFLAKE"}
{"level":"INFO","message":"[9:14:12.530 PM]: Connection[id: 189442c6-b68b-4e9b-a774-86db75c2f9fe] - connection established successfully after 2358.07 milliseconds"}
{"level":"INFO","message":"[9:37:24.620 PM]: Creating new connection object"}
{"level":"INFO","message":"[9:37:24.628 PM]: Creating Connection[id: 112029aa-e311-4b25-9e7a-2a1d2c096f46] with host: RBSIJNI-FZ49407.snowflakecomputing.com, account: RBSIJNI-FZ49407, accessUrl: https://RBSIJNI-FZ49407.snowflakecomputing.com, user: MADHU, role: ACCOUNTADMIN, database: FOR_THEM, schema: APP, warehouse: COMPUTE_WH, proxy was not configured, password is provided, region: undefined, authenticator: SNOWFLAKE, ocsp mode: FAIL_OPEN, os: win32, os version: 10.0.26200"}
{"level":"INFO","message":"[9:37:24.629 PM]: Connection[id: 112029aa-e311-4b25-9e7a-2a1d2c096f46] additional details: passcode in password is provided, passcode is not provided, private key is not provided, application: undefined, client name: snowflake-sdk, client version: 3.2.0, retry timeout: 300, private key path: undefined, private key pass is not provided, client store temporary credential: false, browser response timeout: 120000"}
{"level":"INFO","message":"[9:37:24.629 PM]: Connection[id: 112029aa-e311-4b25-9e7a-2a1d2c096f46] - connection object created successfully."}
{"level":"INFO","message":"[9:37:24.630 PM]: Connection[id: 112029aa-e311-4b25-9e7a-2a1d2c096f46] - async connecting. Associated Snowflake domain: GLOBAL"}
{"level":"INFO","message":"[9:37:24.631 PM]: Trying to initialize Easy Logging"}
{"level":"INFO","message":"[9:37:24.644 PM]: No client config detected."}
{"level":"INFO","message":"[9:37:24.644 PM]: No config file path found. Client config will not be used."}
{"level":"INFO","message":"[9:37:24.645 PM]: Easy Logging is disabled as no config has been found"}
{"level":"INFO","message":"[9:37:24.645 PM]: Connection[id: 112029aa-e311-4b25-9e7a-2a1d2c096f46] - authentication successful using: SNOWFLAKE"}
{"level":"INFO","message":"[9:37:40.849 PM]: Connection[id: 112029aa-e311-4b25-9e7a-2a1d2c096f46] - connection established successfully after 16218.45 milliseconds"}
